[backblue.gif]
[fade.gif]
[index.html]
[../wp-content/themes/Divi/includes/builder/styles/images/preloader.gif]
[../wp-content/themes/Divi/core/admin/fonts/modules/base/modules.eot]
[c0.wp.com/p/jetpack/13.7/css/jetpack.css]
[consultoriomedicolaestrella.com/feed/index.html]
[consultoriomedicolaestrella.com/comments/feed/index.html]
[consultoriomedicolaestrella.com/wp-json/wp/v2/pages/469.json]
[consultoriomedicolaestrella.com/wp-json/index.html]
[consultoriomedicolaestrella.com/xmlrpc0db0.php]
[consultoriomedicolaestrella.com/wp-json/oembed/1.0/embed2c60.json]
[consultoriomedicolaestrella.com/wp-json/oembed/1.0/embedbbee]
[www.google-analytics.com/analytics.js]
[connect.facebook.net/en_US/fbevents.js]
[../wp-content/uploads/2021/09/cropped-Logo-andromeda-b1-32x32.jpg]
[../wp-content/uploads/2021/09/cropped-Logo-andromeda-b1-192x192.jpg]
[../wp-content/uploads/2021/09/cropped-Logo-andromeda-b1-180x180.jpg]
[../wp-content/uploads/2022/06/Boton-Llamar.png]
[../wp-content/uploads/2022/06/Contactar-por-WhatsApp-1.png]
[../wp-content/uploads/2024/05/Portada-Pagina-Web-Jenny-Pequena.jpg]
[../wp-content/uploads/2022/06/Iconos.png]
[../wp-content/uploads/2022/06/Boton-Llmar-Fino.png]
[../wp-content/uploads/2024/05/Portada-Pagina-Web-Jenny.jpg]
[../wp-content/uploads/2024/05/Foto-Perfil-Pagina-2.png]
[../wp-content/uploads/2021/09/1osucro.png]
[../wp-content/uploads/2021/09/consultorio-1-min.jpg]
[../wp-content/uploads/2021/09/3.jpg]
[c0.wp.com/c/6.7.1/wp-includes/css/dist/block-library/style.min.css]
[c0.wp.com/c/6.7.1/wp-includes/js/jquery/jquery.min.js]
[c0.wp.com/c/6.7.1/wp-includes/js/jquery/jquery-migrate.min.js]
[consultoriomedicolaestrella.com/index.html]
[consultoriomedicolaestrella.com/xmlrpc.php]
[../wp-content/et-cache/469/et-divi-dynamic-4692df7.css]
[../wp-content/plugins/creame-whatsapp-me/public/css/joinchat-btn.min6725.css]
[stats.wp.com/e-202506.js]
[c0.wp.com/p/jetpack/13.7/modules/shortcodes/img/slideshow-controls.png]
[c0.wp.com/p/jetpack/13.7/modules/shortcodes/img/slideshow-controls-2x.png]
[c0.wp.com/p/jetpack/13.7/modules/shortcodes/images/slide-nav.png]
[c0.wp.com/p/jetpack/13.7/modules/shortcodes/images/expand.png]
[c0.wp.com/p/jetpack/13.7/modules/shortcodes/images/collapse.png]
[c0.wp.com/p/jetpack/13.7/css/jetpack.css]
[connect.facebook.net/en_US/fbevents.js]
[www.googletagmanager.com/gtm5445.html]
[../wp-content/et-cache/469/et-core-unified-deferred-469.min9098.css]
[consultoriomedicolaestrella.com/wp-json/wp/v2/pages/706.json]
[consultoriomedicolaestrella.com/wp-json/oembed/1.0/embed73d8.json]
[consultoriomedicolaestrella.com/wp-json/oembed/1.0/embed0bf6]
[../wp-content/uploads/2022/06/cargando.gif]
[consultoriomedicolaestrella.com/espera-tel/index.html]
[consultoriomedicolaestrella.com/wp-json/wp/v2/pages/692.json]
[consultoriomedicolaestrella.com/wp-json/oembed/1.0/embed2cd0.json]
[consultoriomedicolaestrella.com/wp-json/oembed/1.0/embed513f]
[consultoriomedicolaestrella.com/espera-wa/index.html]
[consultoriomedicolaestrella.com/wp-json/wp/v2/pages/729.json]
[consultoriomedicolaestrella.com/wp-json/oembed/1.0/embedb3c6.json]
[consultoriomedicolaestrella.com/wp-json/oembed/1.0/embed9801]
[../wp-content/uploads/2021/09/Portada-Pagina-Final-Consultorio-2-min.jpg]
[../wp-content/uploads/2021/09/Portada-Pagina-Web-5-min.jpg]
[../wp-content/uploads/2021/09/Miguel-blanco-min.png]
[www.instagram.com/embed.js]
[../wp-content/uploads/2021/09/Andromeda-CUADRADA-min.png]
[consultoriomedicolaestrella.com/gracias-formulario/index.html]
[consultoriomedicolaestrella.com/wp-json/wp/v2/pages/342.json]
[consultoriomedicolaestrella.com/wp-json/oembed/1.0/embedef5b.json]
[consultoriomedicolaestrella.com/wp-json/oembed/1.0/embed7da0]
[../wp-content/uploads/2021/09/Loo-pagina-web.jpg]
[consultoriomedicolaestrella.com/politica-de-privacidad/index.html]
[consultoriomedicolaestrella.com/wp-json/wp/v2/pages/345.json]
[consultoriomedicolaestrella.com/wp-json/oembed/1.0/embede8ec.json]
[consultoriomedicolaestrella.com/wp-json/oembed/1.0/embed6a26]
[consultoriomedicolaestrella.com/politica-de-cookies/index.html]
[c0.wp.com/c/6.7.1/wp-includes/css/dist/block-library/style.min.css]
[../wp-content/themes/Divi/js/scripts.min2478.js]
[../wp-content/themes/Divi/includes/builder/feature/dynamic-assets/assets/js/jquery.fitvids2478.js]
[../wp-content/plugins/creame-whatsapp-me/public/js/joinchat.min6725.js]
[../wp-content/themes/Divi/core/admin/js/common2478.js]
[secure.gravatar.com/connect/index1068.html]
[consultoriomedicolaestrella.com/a.html]
[consultoriomedicolaestrella.com/POST.html]
[consultoriomedicolaestrella.com/schema.org/index.html]
[consultoriomedicolaestrella.com/b.html]
[consultoriomedicolaestrella.com/signals/iwl.html]
[consultoriomedicolaestrella.com/indexf8ad.html]
[consultoriomedicolaestrella.com/index820c.html]
[../wp-content/et-cache/729/et-divi-dynamic-7296e66.html]
[consultoriomedicolaestrella.com/index66f9.html]
[www.instagram.com/embed.js]
[consultoriomedicolaestrella.com/indexc2ef.html]
[../wp-content/et-cache/global/et-divi-customizer-global.min1901.css]
[consultoriomedicolaestrella.com/wp-json/wp/v2/pages/895.json]
[consultoriomedicolaestrella.com/wp-json/oembed/1.0/embed6497.json]
[consultoriomedicolaestrella.com/wp-json/oembed/1.0/embed59bc]
[fast.wistia.com/assets/external/E-v1.js]
[consultoriomedicolaestrella.com/diabetes/index.html]
[consultoriomedicolaestrella.com/wp-json/wp/v2/pages/740.json]
[consultoriomedicolaestrella.com/wp-json/oembed/1.0/embedcc13.json]
[consultoriomedicolaestrella.com/wp-json/oembed/1.0/embedc8a7]
[consultoriomedicolaestrella.com/escribenos/index.html]
[consultoriomedicolaestrella.com/wp-json/wp/v2/pages/1007.json]
[consultoriomedicolaestrella.com/wp-json/oembed/1.0/embeddb75.json]
[consultoriomedicolaestrella.com/wp-json/oembed/1.0/embed82ee]
[consultoriomedicolaestrella.com/implante-4/index.html]
[consultoriomedicolaestrella.com/wp-json/wp/v2/pages/998.json]
[consultoriomedicolaestrella.com/wp-json/oembed/1.0/embeda904.json]
[consultoriomedicolaestrella.com/wp-json/oembed/1.0/embeda7a4]
[consultoriomedicolaestrella.com/implante-subdermico/index.html]
[consultoriomedicolaestrella.com/wp-json/wp/v2/pages/767.json]
[consultoriomedicolaestrella.com/wp-json/oembed/1.0/embed8e3b.json]
[consultoriomedicolaestrella.com/wp-json/oembed/1.0/embed43aa]
[consultoriomedicolaestrella.com/medico-online/index.html]
[consultoriomedicolaestrella.com/wp-json/wp/v2/pages/747.json]
[consultoriomedicolaestrella.com/wp-json/oembed/1.0/embed64da.json]
[consultoriomedicolaestrella.com/wp-json/oembed/1.0/embedabd6]
[consultoriomedicolaestrella.com/medico-particular/index.html]
[consultoriomedicolaestrella.com/wp-json/wp/v2/pages/963.json]
[consultoriomedicolaestrella.com/wp-json/oembed/1.0/embeda183.json]
[consultoriomedicolaestrella.com/wp-json/oembed/1.0/embed6520]
[consultoriomedicolaestrella.com/poner-implante/index.html]
[consultoriomedicolaestrella.com/wp-json/wp/v2/pages/905.json]
[consultoriomedicolaestrella.com/wp-json/oembed/1.0/embed3e39.json]
[consultoriomedicolaestrella.com/wp-json/oembed/1.0/embedc40a]
[consultoriomedicolaestrella.com/retiro-lunares-verrugas/index.html]
[consultoriomedicolaestrella.com/wp-json/wp/v2/pages/1025.json]
[consultoriomedicolaestrella.com/wp-json/oembed/1.0/embeddd8a.json]
[consultoriomedicolaestrella.com/wp-json/oembed/1.0/embedc3f9]
[consultoriomedicolaestrella.com/lunares-4/index.html]
[consultoriomedicolaestrella.com/wp-json/wp/v2/pages/701.json]
[consultoriomedicolaestrella.com/wp-json/oembed/1.0/embedb782.json]
[consultoriomedicolaestrella.com/wp-json/oembed/1.0/embedbeb7]
[consultoriomedicolaestrella.com/espera-blanco/index.html]
[consultoriomedicolaestrella.com/wp-json/wp/v2/pages/794.json]
[consultoriomedicolaestrella.com/wp-json/oembed/1.0/embed53c3.json]
[consultoriomedicolaestrella.com/wp-json/oembed/1.0/embed623b]
[consultoriomedicolaestrella.com/espera-tel-online/index.html]
[consultoriomedicolaestrella.com/wp-json/wp/v2/pages/903.json]
[consultoriomedicolaestrella.com/wp-json/oembed/1.0/embedade4.json]
[consultoriomedicolaestrella.com/wp-json/oembed/1.0/embed351f]
[consultoriomedicolaestrella.com/espera-wa-diabetes/index.html]
[consultoriomedicolaestrella.com/wp-json/wp/v2/pages/820.json]
[consultoriomedicolaestrella.com/wp-json/oembed/1.0/embed90ea.json]
[consultoriomedicolaestrella.com/wp-json/oembed/1.0/embed9bb0]
[consultoriomedicolaestrella.com/espera-wa-implante/index.html]
[consultoriomedicolaestrella.com/wp-json/wp/v2/pages/949.json]
[consultoriomedicolaestrella.com/wp-json/oembed/1.0/embedd5b4.json]
[consultoriomedicolaestrella.com/wp-json/oembed/1.0/embed3a1a]
[consultoriomedicolaestrella.com/espera-implante/index.html]
[consultoriomedicolaestrella.com/wp-json/wp/v2/pages/916.json]
[consultoriomedicolaestrella.com/wp-json/oembed/1.0/embed04b4.json]
[consultoriomedicolaestrella.com/wp-json/oembed/1.0/embede0b1]
[consultoriomedicolaestrella.com/espera-wa-lunares/index.html]
[consultoriomedicolaestrella.com/wp-json/wp/v2/pages/792.json]
[consultoriomedicolaestrella.com/wp-json/oembed/1.0/embed8963.json]
[consultoriomedicolaestrella.com/wp-json/oembed/1.0/embedafff]
[consultoriomedicolaestrella.com/espera-wa-online/index.html]
[consultoriomedicolaestrella.com/wp-json/wp/v2/pages/970.json]
[consultoriomedicolaestrella.com/wp-json/oembed/1.0/embed9796.json]
[consultoriomedicolaestrella.com/wp-json/oembed/1.0/embed7bf3]
[consultoriomedicolaestrella.com/espera-wa-poner-implante/index.html]
[consultoriomedicolaestrella.com/wp-json/wp/v2/pages/410.json]
[consultoriomedicolaestrella.com/wp-json/oembed/1.0/embed9e78.json]
[consultoriomedicolaestrella.com/wp-json/oembed/1.0/embedf1da]
[consultoriomedicolaestrella.com/gracias/index.html]
[consultoriomedicolaestrella.com/whatsapp/index.html]
[consultoriomedicolaestrella.com/index50ca.html]
[consultoriomedicolaestrella.com/v.html]
[consultoriomedicolaestrella.com/gracias-formulario/chrome-extension_/index.html]
[consultoriomedicolaestrella.com/gracias-formulario/$1/index.html]
[consultoriomedicolaestrella.com/gracias-formulario/embed/index.html]
[consultoriomedicolaestrella.com/gracias-formulario/captioned/index.html]
[consultoriomedicolaestrella.com/index12e9.html]
[../wp-content/et-cache/740/et-divi-dynamic-74096b2.css]
[consultoriomedicolaestrella.com/index8da8.html]
[consultoriomedicolaestrella.com/index65c1.html]
[consultoriomedicolaestrella.com/indexefbf.html]
[consultoriomedicolaestrella.com/indexf66f.html]
[../wp-content/et-cache/747/et-divi-dynamic-7475e65.css]
[consultoriomedicolaestrella.com/indexa4b6.html]
[consultoriomedicolaestrella.com/indexc9f9.html]
[consultoriomedicolaestrella.com/index03b0.html]
[consultoriomedicolaestrella.com/index0c42.html]
[consultoriomedicolaestrella.com/index6fe2.html]
[consultoriomedicolaestrella.com/index3b2d.html]
[consultoriomedicolaestrella.com/index975b.html]
[consultoriomedicolaestrella.com/indexccf0.html]
[consultoriomedicolaestrella.com/index6028.html]
[consultoriomedicolaestrella.com/index5998.html]
[consultoriomedicolaestrella.com/indexdfb6.html]
[consultoriomedicolaestrella.com/index1469.html]
[consultoriomedicolaestrella.com/index0ed6.html]
